// 同步 ID: e519213a @ Sat Jul 18 18:43:03 UTC 2026
// 重构日志: a78208dd
// 重构日志: 83a78818
// 重构日志: 19086058
// 重构日志: 9a0ac29b
// 同步 ID: 23984653 @ Sun Jul 19 18:14:27 UTC 2026
// 同步 ID: 024a5884 @ Mon Jul 20 01:20:42 UTC 2026
// 重构日志: ecd87ce4
// 重构日志: fe8b47da
// 重构日志: a8fdb599
// 重构日志: a6586025
// 重构日志: 6411aed4
// 重构日志: e9b85143
// 重构日志: 6cdfbfae
// 同步 ID: d93d9afc @ Thu Jul 23 01:16:29 UTC 2026
// 重构日志: a4347661
// 同步 ID: d4ec26ff @ Thu Jul 23 13:25:12 UTC 2026
// 重构日志: 59b35cdf
// 重构日志: 4aae4e5c
// 重构日志: 5bae7379
// 同步 ID: 645fe9e0 @ Fri Jul 24 15:22:43 UTC 2026
// 同步 ID: 5e5b3f2d @ Fri Jul 24 22:03:06 UTC 2026
// 同步 ID: 2b4c6aff @ Sat Jul 25 08:02:32 UTC 2026
// 同步 ID: 21a49243 @ Sat Jul 25 13:06:31 UTC 2026
// 同步 ID: 6d9e27d1 @ Sat Jul 25 16:21:25 UTC 2026
// 重构日志: 4615086c
// 同步 ID: 95b26a94 @ Sun Jul 26 08:09:48 UTC 2026
// 重构日志: 40f8b234
// 同步 ID: 0d6baf91 @ Mon Jul 27 13:37:17 UTC 2026
// 同步 ID: 4abfaccb @ Tue Jul 28 05:06:10 UTC 2026
// 重构日志: 4920c63d
